2026-04-06 19:02:17,835 - INFO - Successfuly loaded 3 products
2026-04-06 19:02:17,835 - WARNING - Low stock: Notebook - 50
2026-04-08 10:34:31,007 - INFO - Successfuly loaded 6 products
2026-04-08 10:34:31,031 - WARNING - Low stock: Notebook - 50
2026-04-08 10:34:31,031 - WARNING - Low stock: Notebook - 50
